{
  "tourism": [
    "camp_pitch",
    "camp_site"
  ],
  "highway": [
    "path"
  ]
}
