{
  "ele": [
    "2"
  ],
  "gnis:feature_id": [
    "1785980"
  ],
  "leisure": [
    "park",
    "dog_park"
  ],
  "name": [
    "Boat Park"
  ]
}
