{
  "ele": [
    "1662",
    "1727",
    "1773",
    "1643",
    "1640",
    "1598",
    "1592",
    "1599",
    "1633",
    "1663",
    "1622",
    "1829",
    "1656",
    "2055",
    "1634",
    "1562",
    "1629",
    "1600",
    "1591",
    "1659",
    "1597",
    "1586",
    "1626",
    "1651",
    "1671",
    "1653",
    "1684",
    "1650",
    "1587",
    "1648",
    "1652",
    "1620",
    "1644",
    "1682",
    "1774",
    "1700",
    "1704",
    "1724",
    "1730",
    "1669",
    "1615",
    "1670"
  ],
  "gnis:feature_id": [
    "182297",
    "2084958",
    "2085571",
    "2085577",
    "2088535",
    "2088537",
    "2088539",
    "2088540",
    "2088541",
    "2088570",
    "2088674",
    "2088844",
    "2088889",
    "2088892",
    "2088917",
    "2089029",
    "2108169",
    "2108174",
    "2108182",
    "2108183",
    "2108185",
    "2108194",
    "2108199",
    "2108203",
    "2110874",
    "2110881",
    "2113396",
    "2117938",
    "2119720",
    "2119726",
    "2119732",
    "2119901",
    "2120114",
    "2120651",
    "2120715",
    "2120720",
    "2124759",
    "2354692",
    "2354702",
    "2354706",
    "2354751",
    "2354940",
    "2354941",
    "2354977",
    "2355037",
    "2355348",
    "2355359",
    "2355365",
    "2355367",
    "2119998",
    "2119899",
    "2354391",
    "2354757",
    "2110886"
  ],
  "leisure": [
    "park",
    "nature_reserve",
    "dog_park"
  ],
  "name": [
    "Holbrook Park",
    "Medema Park",
    "Sweetwater Park",
    "Miramonte Park",
    "Northmoor Park",
    "Westlake Park",
    "Bronco Park",
    "Willow North Park",
    "South Platte Park",
    "Ash Grove Park",
    "Veterans Park",
    "Beech Park",
    "Chelsea Park",
    "Deer Creek Canyon Park",
    "Terrace Park",
    "Aspen Park",
    "Cottonwood Park",
    "Lake Village Park",
    "Lily Park",
    "Norfolk Glen Park",
    "Playway Park",
    "Steele Park",
    "Woodhaven Park",
    "Bates-Logan Park",
    "Elsie Duncan Park",
    "Ben Bezoff Park",
    "Wolff And Quincy Park",
    "Allendale Park",
    "Bridgeside Park",
    "Dover Square Park",
    "Lake Arbor Park",
    "Weaver Park",
    "Sundance Park",
    "Woodglen Meadows Park",
    "Fairplay Park",
    "James A Taylor Park",
    "Waverly Acres Park",
    "Westbrook Park",
    "Maulis Park",
    "Sunrise Park",
    "Shadow Mountain Park",
    "Maple Valley Park",
    "Belleview Acres Park",
    "Columbine Meadows Park",
    "Chief Colorow Park",
    "West Laurel Avenue Park",
    "Wingate South Park",
    "Dakota Station Park",
    "Marcy Park",
    "Weaver Hollow Park",
    "Westminster Station Nature Play Park",
    "Franklin Street Park",
    "Tuck Ditch Park",
    "Miramonte West Park",
    "Miramonte East Park",
    "King Mill Park",
    "J.D. Cayton Park",
    "Foster Park",
    "Columbine Meadows East Park",
    "Columbine Meadows West Park",
    "Columbine West Park",
    "Willow Grove Park",
    "Havana And Cornell Park",
    "Westminster Station Park & Nature Playground",
    "Westminster Station Park"
  ],
  "operator": [
    "South Suburban Parks and Recreation District",
    "City of Aurora",
    "Foothills Parks and Recreation District",
    "Foothills Park & Recreation District",
    "City of Englewood"
  ],
  "wikidata": [
    "Q49563609",
    "Q49575565",
    "Q49474329",
    "Q49582473",
    "Q49567432",
    "Q49506497"
  ],
  "old_name": [
    "Vine And Iowa Park"
  ],
  "operator:type": [
    "government"
  ],
  "operator:wikidata": [
    "Q49246"
  ],
  "opening_hours": [
    "Mo-Su 06:00-22:00",
    "sunrise-sunset"
  ],
  "website": [
    "https://www.northglenn.org/rec_and_events/parks_and_open_space/j_d_cayton_park.php",
    "https://www.northglenn.org/rec_and_events/parks_and_open_space/hugh_danahy.php",
    "https://www.westminsterco.gov/ParksRecreation/Parks,TrailsOpenSpace/WestminsterStationParkNaturePlayground"
  ],
  "official_name": [
    "Hugh Danahy Park"
  ],
  "addr:city": [
    "Englewood"
  ],
  "addr:housenumber": [
    "4800"
  ],
  "addr:postcode": [
    "80113"
  ],
  "addr:state": [
    "CO"
  ],
  "addr:street": [
    "South Pennsylvania Street"
  ],
  "landuse": [
    "recreation_ground"
  ],
  "short_name": [
    "Westminster Station Park"
  ],
  "boundary": [
    "local_authority"
  ]
}
