{
  "operator:type": [
    "government"
  ],
  "operator:wikidata": [
    "Q2933976"
  ],
  "boundary": [
    "protected_area"
  ],
  "leisure": [
    "nature_reserve"
  ]
}
