{
  "boundary": [
    "protected_area"
  ],
  "name": [
    "West Tiger Mountain Natural Resource Conservation Area",
    "West Tiger Mountain Natural Resources Conservation Area",
    "Tradition Plateau Natural Resources Conservation Area",
    "Tradition Plateau Natural Resource Conservation Area"
  ],
  "leisure": [
    "nature_reserve"
  ]
}
